// Jest Snapshot v1, https://goo.gl/fbAQLP

exports[`LoginForm should match the wrapper with data passed in 1`] = `
<main
  className="login-form__container"
>
  <img
    alt="Tripedia for all your travel planning needs"
    className="banner"
    src="banner.png"
  />
  <form
    className="login__form"
  >
    <input
      name="email"
      onChange={[Function]}
      placeholder="example@email.com"
      type="email"
      value="g@g.com"
    />
    <input
      name="password"
      onChange={[Function]}
      placeholder="enter password"
      type="password"
      value="pass"
    />
    <NavLink
      to="/map"
    >
      <button
        className="button__enabled"
        onClick={[Function]}
        type="submit"
      >
        Login
      </button>
    </NavLink>
    <NavLink
      to="/create_account"
    >
      <p>
        Create Account
      </p>
    </NavLink>
  </form>
</main>
`;
